The Dark Knight	2008	284373
Good Will Hunting	1997	1054895
Watchmen	2009	578999
Super 8	2011	366264
Ghost Rider	2007	250940
Luca	2021	190404
The Drop	2014	161287
Get Hard	2015	146177
Licorice Pizza	2021	138879
Wild Hogs	2007	122967
