Batman Begins	2005	1565254
Captain America: The Winter Soldier	2014	893571
Rain Man	1988	542976
A Bug's Life	1998	312315
The Hitman's Bodyguard	2017	245674
The Babadook	2014	245203
The Birds	1963	203181
The Man from Earth	2007	198722
Leave the World Behind	2023	182503
State of Play	2009	159676
