Goodfellas	1990	1245552
Mr. & Mrs. Smith	2005	536414
Breakfast at Tiffany's	1961	191030
Zack and Miri Make a Porno	2008	181858
The Spectacular Now	2013	160740
Despicable Me 3	2017	151856
Payback	1999	144882
They Live	1988	14397
Serpico	1973	133670
Deliverance	1972	118489
