Silver Linings Playbook	2012	738979
The Theory of Everything	2014	478951
Role Models	2008	240162
Bridge to Terabithia	2007	171718
The Negotiator	1998	153984
Magic Mike	2012	146681
Manhattan	1979	146430
10,000 BC	2008	135104
Home Alone 3	1997	126702
My Girl	1991	88193
