Bohemian Rhapsody	2018	586303
Defiance	2008	155139
Robin Hood: Men in Tights	1993	135575
Empire of the Sun	1987	133561
The Meaning of Life	1983	124823
Videodrome	1983	102101
Hostel: Part II	2007	95451
The Pelican Brief	1993	95366
Those Who Wish Me Dead	2021	71768
Kahaani	2012	65670
