John Ziegler	Infidel
Olanokiotan Gbolabo Lucas	Fukrey Returns
