John Geddert	At the Heart of Gold: Inside the USA Gymnastics Scandal
Miguel Ángel González Sánchez	Miguelito
