Nisan Yaubyan	Mimarliga Doymayan Adam: Nisan Yaubyan
Tullio Pironti	The Bull of Pallonetto
