Ken Garland	Graphic Means: A History of Graphic Design Production
