MM  	141
NP  	126
BD  	120
GE  	120
KE  	120
UZ  	120
SV  	119
PK  	118
IN  	115
TH  	113
BF  	111
IS  	111
KZ  	111
AE  	110
IQ  	110
NZ  	109
RS  	109
UY  	109
EE  	108
EG  	108
KH  	108
LV  	108
EC  	107
HK  	107
PE  	107
SA  	107
VE  	107
VN  	107
AZ  	106
AL  	105
CI  	105
HT  	105
ID  	105
LB  	105
LI  	105
LT  	105
NG  	105
SY  	105
TW  	105
BG  	104
MY  	104
SG  	104
SI  	104
CZ  	103
PH  	103
SK  	103
UA  	103
ZA  	103
CN  	102
KP  	102
RU  	102
HR  	101
IL  	101
KR  	101
PA  	101
CL  	100
CO  	100
JM  	100
ME  	99
AR  	98
AU  	98
GR  	98
MX  	98
NO  	98
TR  	98
CA  	97
MZ  	97
PL  	97
PT  	97
RO  	97
ES  	96
HU  	96
MK  	96
TD  	96
BR  	95
DDDE	95
DE  	95
GH  	95
IE  	95
IT  	95
XWG 	95
AT  	94
DK  	94
FR  	94
SUHH	94
XWW 	94
CSHH	93
FI  	93
NL  	93
SE  	93
XEU 	93
CH  	92
GT  	92
IR  	92
JP  	92
BA  	91
GB  	91
BT  	90
MA  	90
BE  	89
US  	89
XYU 	89
