PK  	157
FJ  	150
LK  	131
BB  	130
PA  	128
MD  	125
PY  	125
TM  	125
GT  	122
ME  	122
SV  	122
BO  	119
CG  	119
CI  	119
GL  	119
JM  	119
MN  	119
SY  	119
TO  	119
DO  	118
AL  	117
ZW  	116
IN  	115
UZ  	113
IE  	111
XAS 	111
AZ  	110
EE  	109
LT  	109
NZ  	109
VN  	109
BY  	108
CU  	108
TH  	108
BD  	107
LV  	107
SI  	107
SK  	107
PE  	106
ID  	105
KP  	105
AR  	104
BUMM	104
CZ  	104
KR  	104
KZ  	104
MM  	104
NG  	104
TW  	104
UA  	104
AE  	103
EG  	103
HK  	103
SG  	103
CO  	102
HR  	102
NO  	102
RO  	102
SA  	102
TR  	102
UY  	102
VE  	102
BG  	101
CN  	101
EC  	101
HU  	101
PH  	101
RS  	101
RU  	100
PL  	99
AU  	98
BF  	98
HT  	98
PT  	98
SE  	98
XEU 	98
ZA  	98
CSHH	97
FI  	97
IT  	97
CA  	96
CL  	96
CM  	96
ES  	96
GR  	96
MX  	96
NP  	96
SUHH	96
AT  	95
BR  	95
DE  	95
DK  	95
IL  	95
JP  	95
NL  	95
BE  	94
DDDE	94
FR  	94
GE  	94
IR  	94
MY  	94
XWG 	94
PR  	93
XWW 	93
MA  	92
GB  	91
US  	91
IS  	90
