PK  	142
XKO 	125
BD  	119
PR  	117
TG  	115
VE  	115
IN  	113
SY  	112
MO  	110
VN  	109
UZ  	108
AE  	107
CN  	107
LB  	107
LV  	106
EG  	105
LT  	105
MN  	105
SG  	105
TW  	105
AR  	104
CZ  	104
HR  	104
KZ  	104
MY  	104
UY  	104
ID  	103
PE  	103
RS  	103
UA  	103
BG  	102
IE  	102
KR  	102
RO  	102
TH  	102
HK  	101
NL  	101
NO  	101
NZ  	101
SI  	101
SK  	101
DDDE	100
PH  	100
PL  	100
XYU 	100
ZA  	100
ES  	99
RU  	99
TR  	99
XAS 	99
CA  	98
IT  	98
LU  	98
MX  	98
AU  	97
CO  	97
DK  	97
FI  	97
HU  	97
IL  	97
TN  	97
AT  	96
CSHH	96
GR  	96
PA  	96
BR  	95
DE  	95
FR  	95
JP  	95
PT  	95
XWG 	95
XWW 	95
BE  	94
BY  	94
CH  	94
EC  	94
EE  	94
GE  	94
SE  	94
SUHH	94
XEU 	94
CL  	93
IR  	93
AM  	92
DO  	91
GB  	91
YUCS	91
GT  	90
KP  	90
NP  	90
SV  	90
ZW  	90
LI  	89
