MN  	135
SY  	117
IN  	116
UY  	114
JO  	113
LB  	111
SA  	110
KE  	108
LU  	108
SK  	108
AE  	107
DDDE	107
TH  	107
AZ  	106
UZ  	106
CZ  	105
DZ  	105
EE  	105
NZ  	105
HR  	104
CN  	103
NG  	103
PH  	103
SG  	103
SI  	103
VN  	103
IE  	102
LT  	102
MD  	102
NP  	102
PE  	102
TW  	102
VE  	102
AR  	101
BG  	101
EC  	101
EG  	101
LV  	101
RO  	101
RS  	101
AM  	100
ID  	100
KR  	100
LK  	100
RU  	100
UA  	100
HU  	99
IL  	99
KZ  	99
NO  	99
PL  	99
TR  	99
ZA  	99
CO  	98
PR  	98
AU  	97
CA  	97
FI  	97
GR  	97
NL  	97
PT  	97
BO  	96
CR  	96
HK  	96
IT  	96
AT  	95
BA  	95
BD  	95
DE  	95
ES  	95
MY  	95
SE  	95
BR  	94
DK  	94
JP  	94
MX  	94
SUHH	94
FR  	93
IR  	93
QA  	93
XWW 	93
GB  	92
PY  	92
XWG 	92
CL  	91
BE  	90
TT  	90
US  	90
