MK  	158
NP  	130
ME  	129
SK  	124
GE  	123
CSHH	122
TT  	120
TZ  	118
BA  	117
UZ  	117
IN  	114
NG  	113
BY  	110
LV  	110
CR  	108
SI  	108
SN  	108
TH  	108
PA  	107
BG  	106
EG  	106
HR  	106
VN  	106
ZA  	106
LT  	105
TW  	105
CL  	104
CZ  	104
AE  	103
NO  	103
PE  	103
PH  	103
SG  	103
CN  	102
DDDE	102
IE  	102
NZ  	102
YUCS	102
EC  	101
RS  	101
RU  	101
UA  	101
XSA 	101
BF  	100
CV  	100
HU  	100
RO  	100
SA  	100
UY  	100
XKV 	100
IR  	99
KR  	99
KZ  	99
PT  	99
TR  	99
XAS 	99
EE  	98
FI  	98
SUHH	98
VE  	98
XWG 	98
XYU 	98
AR  	97
AU  	97
AZ  	97
BR  	97
ES  	97
GR  	97
HK  	97
IL  	97
PL  	97
SE  	97
CA  	96
DK  	96
AT  	95
GL  	95
ID  	95
MX  	95
NL  	95
PK  	95
DE  	94
HT  	94
IT  	94
JP  	94
MY  	94
XEU 	94
XWW 	94
CO  	93
FR  	93
LB  	93
AM  	92
BE  	92
GB  	92
AL  	91
BO  	90
CI  	90
IQ  	90
KH  	90
US  	89
