A Normal Day in the Life	1 Hours 19 Minutes
A Skin Too Few: The Days of Nick Drake	0 Hours 48 Minutes
Dark Day at First Church	1 Hours 10 Minutes
Daylight's End	1 Hours 45 Minutes
Farm Days	1 Hours 20 Minutes
Four Months Until Fight Day	1 Hours 0 Minutes
Memorial Day	1 Hours 31 Minutes
One Day of Freedom	1 Hours 30 Minutes
Remember the Day	1 Hours 26 Minutes
Three Days in September	1 Hours 30 Minutes
Twenty Six Days from the Life of Dostoyevsky	1 Hours 27 Minutes
Twisted Fantasies: Day Dreams	1 Hours 56 Minutes
