After Freedom	1 Hours 27 Minutes
Freenet	1 Hours 30 Minutes
I Believe in Freedom	1 Hours 0 Minutes
One Day of Freedom	1 Hours 30 Minutes
Shouting Fire: Stories from the Edge of Free Speech	1 Hours 15 Minutes
