20 ans à Molène, jamais molénais...	0 Hours 54 Minutes
2020 Oscar Nominated Short Films: Documentary	2 Hours 40 Minutes
Bump of Chicken Tour 2019: aurora ark Tokyo Dome	2 Hours 31 Minutes
Kesäpoika 2011	0 Hours 51 Minutes
Landfall (1734-1987-2018)	1 Hours 27 Minutes
The Beast from 20,000 Fathoms	1 Hours 20 Minutes
The Oscar Nominated Short Films 2013: Documentary	3 Hours 0 Minutes
