Lost	1 Hours 35 Minutes
Lost Boys	0 Hours 52 Minutes
Resilience and the Lost Gems	1 Hours 30 Minutes
Speed: In Search of Lost Time	1 Hours 37 Minutes
