Far from the Sea	1 Hours 25 Minutes
In Search of Godawan	0 Hours 52 Minutes
In Search of Roubakine	1 Hours 6 Minutes
Sealers: One Last Hunt	1 Hours 38 Minutes
Searching for Sasquatch Chapter 3	1 Hours 13 Minutes
Searching for Sunlight	1 Hours 27 Minutes
Speed: In Search of Lost Time	1 Hours 37 Minutes
The Cruel Sea	2 Hours 6 Minutes
