200 Australians	1 Hours 45 Minutes
200 Pounds Beauty	2 Hours 0 Minutes
2012: A Journey to the Maya Heartland	1 Hours 33 Minutes
2020 Texas Gladiators	1 Hours 31 Minutes
Alicudi 1 Bella (Carnet Filmé: 24 avril 2007)	1 Hours 19 Minutes
Firebird 2015 AD	1 Hours 37 Minutes
Joseph Morder tourne 'La Duchesse de Varsovie' (Carnet Filmé: 10 juin 2013)	1 Hours 25 Minutes
L'Automne en fuite (Carnet Filmé: 10 novembre 2014 - 31 décembre 2014)	1 Hours 10 Minutes
Monteparadiso 20	1 Hours 5 Minutes
Salah Sermini, Cinématon et Dubaï (Carnet Filmé: 11 avril 2012 - 15 avril 2012)	1 Hours 40 Minutes
The Official 3D 2010 FIFA World Cup Film	1 Hours 4 Minutes
