Ghosthunters	1 Hours 30 Minutes
The Ghost Goes Wild	1 Hours 6 Minutes
