Abbas Kiarostami à Dubaï (Carnet Filmé: 16 avril 2012)	1 Hours 8 Minutes
If Thoughts Can Kill (2018)	1 Hours 28 Minutes
Jethro Tull: Live at Montreux 2003	1 Hours 57 Minutes
La Cinémathèque de Bourgogne présente Ladislas Starewitch (Carnet Filmé: 22 avril 2015)	1 Hours 9 Minutes
Sur la route du Caire (Carnet filmé: 14 octobre 2019)	1 Hours 13 Minutes
Unnatural 20: The Search for Steve	1 Hours 15 Minutes
Ustad 420	2 Hours 16 Minutes
