A Girl Walks Home Alone at Night	1 Hours 41 Minutes
Journey Home: A Dialysis Story	0 Hours 49 Minutes
O Homem da Cabine	1 Hours 30 Minutes
