Catahoula	1 Hours 45 Minutes
Eye of the Cat	1 Hours 40 Minutes
The Catfish Summer	1 Hours 40 Minutes
