Bite the Dog	1 Hours 34 Minutes
Funny Dogs	1 Hours 0 Minutes
Hot Dog	1 Hours 45 Minutes
Life with Dog	1 Hours 46 Minutes
