Apocalypse: History of Cosmos Fa-rectification Part 1	0 Hours 47 Minutes
Estaci√≥n catorce	1 Hours 27 Minutes
