Can't Complain	1 Hours 53 Minutes
Compulsion	1 Hours 28 Minutes
