A Life Ascending	0 Hours 58 Minutes
A Life on Earth	1 Hours 3 Minutes
Carol Channing: Larger Than Life	1 Hours 27 Minutes
Facs of Life	1 Hours 56 Minutes
Indie Game: Life After	2 Hours 5 Minutes
Life	1 Hours 25 Minutes
Life of the Jews of Palestine	1 Hours 18 Minutes
Living Life	1 Hours 28 Minutes
Love, Life & Pakodi	1 Hours 54 Minutes
My Life with Count Dracula	1 Hours 14 Minutes
Pavlensky: Life Naked	1 Hours 11 Minutes
The First Night of My Life	1 Hours 22 Minutes
The Illuminated Life of Maud Lewis	0 Hours 50 Minutes
The Life and Passion of Jesus Christ	0 Hours 45 Minutes
The Meaning of Life	1 Hours 47 Minutes
The Misfits, School Life, and Others	2 Hours 45 Minutes
The Story of Your Life	1 Hours 33 Minute
Yilmaz Guney: His Life, His Films	0 Hours 53 Minutes
