33X Around the Sun	1 Hours 23 Minutes
Away from All Suns	1 Hours 14 Minutes
Empire of the Sun	2 Hours 33 Minutes
Sunburn	1 Hours 25 Minutes
Sundance Skippy	1 Hours 30 Minutes
Sunday's Illness	1 Hours 53 Minutes
Sunless Shadows	1 Hours 14 Minutes
