2036 Apocalypse Earth	1 Hours 30 Minutes
A Life on Earth	1 Hours 3 Minutes
Earth	1 Hours 50 Minutes
Earth: Muted	1 Hours 10 Minutes
Earthquake LA	2 Hours 0 Minutes
