2022	34
2014	31
2017	28
2018	25
2023	22
2019	22
2015	22
2012	22
2016	20
2008	20
2021	19
2010	19
2020	18
2011	18
2004	17
2005	14
2013	13
2009	13
