2018	29
2021	26
2012	25
2020	24
2017	24
2015	23
2022	21
2013	19
2016	18
2014	18
2010	18
2019	17
2023	16
2009	15
2007	15
2011	12
2008	11
