2008	14
2021	13
2012	13
2006	12
2019	11
2014	11
2013	11
