2019	16
2016	14
2012	13
2018	12
2010	12
2008	12
2017	11
2014	11
2006	11
