2018	29
2016	29
2010	29
2023	22
2022	22
2013	22
2014	21
2020	19
2015	19
2019	18
2012	18
2021	17
2008	17
2017	14
2009	14
2006	14
2002	14
2011	12
2001	12
1987	12
2004	11
2000	11
1990	11
