2022	31
2012	22
2018	21
2015	21
2016	20
2014	20
2020	19
2023	18
2021	18
2019	18
2013	17
2008	16
2017	15
2011	13
2010	11
