2019	27
2016	27
2022	26
2018	25
2023	24
2021	24
2015	24
2013	22
2017	18
2011	18
2012	16
2010	16
1989	16
2004	13
2020	12
2014	12
2009	12
2008	12
1987	12
