2016	30
2015	30
2014	30
2013	30
2018	26
2010	26
2022	24
2021	23
2019	22
2012	22
2023	19
2011	18
2020	17
2008	17
2017	16
2009	16
2005	11
