Dennis
Joachim K. Ã˜.
Karl-Martin Hogsnes
Lars Haakon Storm Bakken
