Debi Derryberry
Ken Mary
Mona Marshall
Nick Delia
