Adolfo Marsillach
Fernando Allende
Isela Vega
Ofelia Medina
