Eiji Maruyama
Megumi Hayashibara
Motomu Kiyokawa
Tetsuya Iwanaga
