Choi Won-young
Da-mi Ko
Hye-seong Ko
Poo-reun Kim
Yong Woo Lee
