Dan Garrity
Erica Goddard
Hannah Clifford
Jen Guimond
Jerry Greene
