Helge Herala
Maija Karhi
Pentti Siimes
Toivo Mäkelä
