Alison Cuddy
Daniel M. Knox
Don Meyer
Eileen Myles
Joshua Corey
Sasha Frere-Jones
The Muttering Sickness
Thomas Cornerford
