Amelia Steege
Brendan Steege
Harrison Steege
Nathaniel Steege
Tate Steege
