Dan Underhill
Dave Cergizan
Jon Raila
Steven Cergizan
Von Bilka
